// Jest Snapshot v1, https://goo.gl/fbAQLP

exports[`<HeaderBar /> By default renders 1`] = `"<div class=\\"ui-header a b c d e f g h i j\\">TEST</div>"`;
