// Jest Snapshot v1, https://goo.gl/fbAQLP

exports[`<Character /> By default renders 1`] = `"<div class=\\"ui-container a b c\\"><div class=\\"table-view b d e f g\\"></div></div>"`;
