// Jest Snapshot v1, https://goo.gl/fbAQLP

exports[`<Autosuggest /> Init Test 1`] = `"<div class=\\"ui-autosuggest a b c d e f\\"><input type=\\"text\\" value=\\"\\" class=\\"g h i b j k l\\"/></div>"`;
