// Jest Snapshot v1, https://goo.gl/fbAQLP

exports[`<Autosuggest /> Init Test 1`] = `""`;
